[debug] [2026-06-01T00:45:50.944Z] ----------------------------------------------------------------------
[debug] [2026-06-01T00:45:50.946Z] Command:       C:\Program Files\nodejs\node.exe C:\Users\my tech\AppData\Roaming\npm\node_modules\firebase-tools\lib\bin\firebase.js deploy --only hosting --project hurdexpress-49cd2
[debug] [2026-06-01T00:45:50.946Z] CLI Version:   15.15.0
[debug] [2026-06-01T00:45:50.946Z] Platform:      win32
[debug] [2026-06-01T00:45:50.946Z] Node Version:  v24.15.0
[debug] [2026-06-01T00:45:50.946Z] Time:          Mon Jun 01 2026 08:45:50 GMT+0800 (Ulaanbaatar Standard Time)
[debug] [2026-06-01T00:45:50.947Z] ----------------------------------------------------------------------
[debug] 
[debug] [2026-06-01T00:45:51.763Z] > command requires scopes: ["email","openid","https://www.googleapis.com/auth/cloudplatformprojects.readonly","https://www.googleapis.com/auth/firebase","https://www.googleapis.com/auth/cloud-platform"]
[debug] [2026-06-01T00:45:51.764Z] > authorizing via signed-in user (cyberzit@gmail.com)
[debug] [2026-06-01T00:45:51.764Z] [iam] checking project hurdexpress-49cd2 for permissions ["firebase.projects.get","firebasehosting.sites.update"]
[debug] [2026-06-01T00:45:51.764Z] Checked if tokens are valid: true, expires at: 1780275987443
[debug] [2026-06-01T00:45:51.764Z] Checked if tokens are valid: true, expires at: 1780275987443
[debug] [2026-06-01T00:45:51.765Z] >>> [apiv2][query] POST https://cloudresourcemanager.googleapis.com/v1/projects/hurdexpress-49cd2:testIamPermissions [none]
[debug] [2026-06-01T00:45:51.765Z] >>> [apiv2][(partial)header] POST https://cloudresourcemanager.googleapis.com/v1/projects/hurdexpress-49cd2:testIamPermissions  x-goog-user-project=hurdexpress-49cd2
[debug] [2026-06-01T00:45:51.765Z] >>> [apiv2][body] POST https://cloudresourcemanager.googleapis.com/v1/projects/hurdexpress-49cd2:testIamPermissions {"permissions":["firebase.projects.get","firebasehosting.sites.update"]}
[debug] [2026-06-01T00:45:52.190Z] <<< [apiv2][status] POST https://cloudresourcemanager.googleapis.com/v1/projects/hurdexpress-49cd2:testIamPermissions 200
[debug] [2026-06-01T00:45:52.190Z] <<< [apiv2][body] POST https://cloudresourcemanager.googleapis.com/v1/projects/hurdexpress-49cd2:testIamPermissions {"permissions":["firebase.projects.get","firebasehosting.sites.update"]}
[debug] [2026-06-01T00:45:52.190Z] Checked if tokens are valid: true, expires at: 1780275987443
[debug] [2026-06-01T00:45:52.190Z] Checked if tokens are valid: true, expires at: 1780275987443
[debug] [2026-06-01T00:45:52.190Z] >>> [apiv2][query] GET https://firebase.googleapis.com/v1beta1/projects/hurdexpress-49cd2 [none]
[debug] [2026-06-01T00:45:52.648Z] <<< [apiv2][status] GET https://firebase.googleapis.com/v1beta1/projects/hurdexpress-49cd2 200
[debug] [2026-06-01T00:45:52.648Z] <<< [apiv2][body] GET https://firebase.googleapis.com/v1beta1/projects/hurdexpress-49cd2 {"projectId":"hurdexpress-49cd2","projectNumber":"409714075005","displayName":"hurdexpress","name":"projects/hurdexpress-49cd2","resources":{"hostingSite":"hurdexpress-49cd2"},"state":"ACTIVE","etag":"1_1f938702-60ce-493f-a184-700e6e52ef60"}
[debug] [2026-06-01T00:45:53.901Z] defaultcredentials: writing to file C:\Users\my tech\AppData\Roaming\firebase\cyberzit_gmail_com_application_default_credentials.json
[debug] [2026-06-01T00:45:53.902Z] Checked if tokens are valid: true, expires at: 1780275987443
[debug] [2026-06-01T00:45:53.902Z] Checked if tokens are valid: true, expires at: 1780275987443
[debug] [2026-06-01T00:45:53.902Z] >>> [apiv2][query] GET https://firebasehosting.googleapis.com/v1beta1/projects/hurdexpress-49cd2/sites pageToken=&pageSize=10
[debug] [2026-06-01T00:45:55.001Z] <<< [apiv2][status] GET https://firebasehosting.googleapis.com/v1beta1/projects/hurdexpress-49cd2/sites 200
[debug] [2026-06-01T00:45:55.001Z] <<< [apiv2][body] GET https://firebasehosting.googleapis.com/v1beta1/projects/hurdexpress-49cd2/sites {"sites":[{"name":"projects/hurdexpress-49cd2/sites/hurdexpress-49cd2","defaultUrl":"https://hurdexpress-49cd2.web.app","type":"DEFAULT_SITE"}]}
[debug] [2026-06-01T00:45:55.003Z] Checked if tokens are valid: true, expires at: 1780275987443
[debug] [2026-06-01T00:45:55.003Z] Checked if tokens are valid: true, expires at: 1780275987443
[debug] [2026-06-01T00:45:55.003Z] >>> [apiv2][query] GET https://firebasehosting.googleapis.com/v1beta1/projects/hurdexpress-49cd2/sites 
[debug] [2026-06-01T00:45:55.721Z] <<< [apiv2][status] GET https://firebasehosting.googleapis.com/v1beta1/projects/hurdexpress-49cd2/sites 200
[debug] [2026-06-01T00:45:55.721Z] <<< [apiv2][body] GET https://firebasehosting.googleapis.com/v1beta1/projects/hurdexpress-49cd2/sites {"sites":[{"name":"projects/hurdexpress-49cd2/sites/hurdexpress-49cd2","defaultUrl":"https://hurdexpress-49cd2.web.app","type":"DEFAULT_SITE"}]}
[debug] [2026-06-01T00:45:55.721Z] Checked if tokens are valid: true, expires at: 1780275987443
[debug] [2026-06-01T00:45:55.721Z] Checked if tokens are valid: true, expires at: 1780275987443
[debug] [2026-06-01T00:45:55.722Z] >>> [apiv2][query] GET https://firebase.googleapis.com/v1beta1/projects/hurdexpress-49cd2/webApps/-/config [none]
[debug] [2026-06-01T00:45:56.985Z] <<< [apiv2][status] GET https://firebase.googleapis.com/v1beta1/projects/hurdexpress-49cd2/webApps/-/config 200
[debug] [2026-06-01T00:45:56.985Z] <<< [apiv2][body] GET https://firebase.googleapis.com/v1beta1/projects/hurdexpress-49cd2/webApps/-/config {"projectId":"hurdexpress-49cd2","appId":"1:409714075005:web:13d29441b5c8210a495814","storageBucket":"hurdexpress-49cd2.firebasestorage.app","apiKey":"AIzaSyCohBrA4n2I_Y5E9eXhIhZJvws9iKY2Das","authDomain":"hurdexpress-49cd2.firebaseapp.com","messagingSenderId":"409714075005","projectNumber":"409714075005","version":"2"}
[info] 
   Thank you for trying our early preview of Next.js support on Firebase Hosting.
   During the preview, support is best-effort and breaking changes can be expected. Proceed with caution.
   The integration is known to work with Next.js version 12 - 15.0. You may encounter errors.

   Documentation: https://firebase.google.com/docs/hosting/frameworks/nextjs
   File a bug: https://github.com/firebase/firebase-tools/issues/new?template=bug_report.md
   Submit a feature request: https://github.com/firebase/firebase-tools/issues/new?template=feature_request.md

   We'd love to learn from you. Express your interest in helping us shape the future of Firebase Hosting: https://goo.gle/41enW5X

[debug] [2026-06-01T00:45:59.867Z] Checked if tokens are valid: true, expires at: 1780275987443
[debug] [2026-06-01T00:45:59.867Z] Checked if tokens are valid: true, expires at: 1780275987443
[debug] [2026-06-01T00:45:59.867Z] >>> [apiv2][query] GET https://firebasehosting.googleapis.com/v1beta1/projects/hurdexpress-49cd2/sites/hurdexpress-49cd2 [none]
[debug] [2026-06-01T00:46:00.504Z] <<< [apiv2][status] GET https://firebasehosting.googleapis.com/v1beta1/projects/hurdexpress-49cd2/sites/hurdexpress-49cd2 200
[debug] [2026-06-01T00:46:00.505Z] <<< [apiv2][body] GET https://firebasehosting.googleapis.com/v1beta1/projects/hurdexpress-49cd2/sites/hurdexpress-49cd2 {"name":"projects/hurdexpress-49cd2/sites/hurdexpress-49cd2","defaultUrl":"https://hurdexpress-49cd2.web.app","type":"DEFAULT_SITE"}
[info] ▲ Next.js 16.2.6 (Turbopack)

[info] - Environments: .env.local


[info]   Creating an optimized production build ...

[info] ✓ Compiled successfully in 2.8s

[info]   Running TypeScript ...

[info]   Finished TypeScript in 3.0s ...

[info]   Collecting page data using 15 workers ...

[info]   Generating static pages using 15 workers (0/27) ...

[info]   Generating static pages using 15 workers (6/27) 

[info]   Generating static pages using 15 workers (13/27) 

[info]   Generating static pages using 15 workers (20/27) 

[info] ✓ Generating static pages using 15 workers (27/27) in 316ms

[info]   Finalizing page optimization ...

[info] 

[info] Route (app)
┌ ○ /
├ ○ /_not-found
├ ○ /admin/companies
├ ○ /admin/dashboard
├ ○ /admin/drivers
├ ○ /admin/live-map
├ ○ /admin/orders
├ ƒ /admin/orders/[id]
├ ƒ /admin/orders/[id]/print
├ ○ /admin/orders/import
├ ○ /admin/orders/new
├ ○ /admin/products
├ ○ /admin/reports
├ ○ /admin/settings
├ ○ /admin/settlements
├ ○ /admin/sms-logs
├ ƒ /api/track-order
├ ○ /dashboard
├ ○ /driver/orders
├ ƒ /driver/orders/[id]
├ ○ /login
├ ○ /manifest.webmanifest
├ ○ /offline
├ ○ /partner/orders
├ ƒ /partner/orders/[id]
├ ƒ /partner/orders/[id]/print
├ ○ /partner/orders/import
├ ○ /partner/orders/new
├ ○ /partner/products
├ ○ /partner/settlements
├ ○ /track
└ ƒ /track/[orderCode]


[info] 
○  (Static)   prerendered as static content
ƒ  (Dynamic)  server-rendered on demand


[info] Building a Cloud Function to run this application. This is needed due to:
[info]  • non-static component /admin/orders/[id]/page
[info]  • non-static component /admin/orders/[id]/print/page
[info]  • non-static component /api/track-order/route
[info]  • non-static component /driver/orders/[id]/page
[info]  • non-static component /partner/orders/[id]/page
[debug] [2026-06-01T00:46:09.620Z]  • non-static component /partner/orders/[id]/print/page
[debug] [2026-06-01T00:46:09.620Z]  • non-static component /track/[orderCode]/page
[info]  • and 2 other reasons, use --debug to see more
[info] 
[debug] [2026-06-01T00:46:12.025Z] Checked if tokens are valid: true, expires at: 1780275987443
[debug] [2026-06-01T00:46:12.025Z] Checked if tokens are valid: true, expires at: 1780275987443
[debug] [2026-06-01T00:46:12.025Z] >>> [apiv2][query] GET https://firebasehosting.googleapis.com/v1beta1/projects/hurdexpress-49cd2/sites/hurdexpress-49cd2 [none]
[debug] [2026-06-01T00:46:12.879Z] <<< [apiv2][status] GET https://firebasehosting.googleapis.com/v1beta1/projects/hurdexpress-49cd2/sites/hurdexpress-49cd2 200
[debug] [2026-06-01T00:46:12.879Z] <<< [apiv2][body] GET https://firebasehosting.googleapis.com/v1beta1/projects/hurdexpress-49cd2/sites/hurdexpress-49cd2 {"name":"projects/hurdexpress-49cd2/sites/hurdexpress-49cd2","defaultUrl":"https://hurdexpress-49cd2.web.app","type":"DEFAULT_SITE"}
[debug] [2026-06-01T00:46:13.847Z] Error: EPERM: operation not permitted, symlink 'D:\Projects\hurdexpress\node_modules\firebase-admin' -> 'D:\Projects\hurdexpress\.firebase\hurdexpress-49cd2\functions\.next\node_modules\firebase-admin-a14c8a5423a75469'
[debug] [2026-06-01T00:48:58.119Z] ----------------------------------------------------------------------
[debug] [2026-06-01T00:48:58.121Z] Command:       C:\Program Files\nodejs\node.exe C:\Users\my tech\AppData\Roaming\npm\node_modules\firebase-tools\lib\bin\firebase.js deploy --only hosting --project hurdexpress-49cd2
[debug] [2026-06-01T00:48:58.121Z] CLI Version:   15.15.0
[debug] [2026-06-01T00:48:58.121Z] Platform:      win32
[debug] [2026-06-01T00:48:58.121Z] Node Version:  v24.15.0
[debug] [2026-06-01T00:48:58.121Z] Time:          Mon Jun 01 2026 08:48:58 GMT+0800 (Ulaanbaatar Standard Time)
[debug] [2026-06-01T00:48:58.121Z] ----------------------------------------------------------------------
[debug] 
[debug] [2026-06-01T00:48:58.943Z] > command requires scopes: ["email","openid","https://www.googleapis.com/auth/cloudplatformprojects.readonly","https://www.googleapis.com/auth/firebase","https://www.googleapis.com/auth/cloud-platform"]
[debug] [2026-06-01T00:48:58.944Z] > authorizing via signed-in user (cyberzit@gmail.com)
[debug] [2026-06-01T00:48:58.944Z] [iam] checking project hurdexpress-49cd2 for permissions ["firebase.projects.get","firebasehosting.sites.update"]
[debug] [2026-06-01T00:48:58.944Z] Checked if tokens are valid: true, expires at: 1780275987443
[debug] [2026-06-01T00:48:58.944Z] Checked if tokens are valid: true, expires at: 1780275987443
[debug] [2026-06-01T00:48:58.945Z] >>> [apiv2][query] POST https://cloudresourcemanager.googleapis.com/v1/projects/hurdexpress-49cd2:testIamPermissions [none]
[debug] [2026-06-01T00:48:58.945Z] >>> [apiv2][(partial)header] POST https://cloudresourcemanager.googleapis.com/v1/projects/hurdexpress-49cd2:testIamPermissions  x-goog-user-project=hurdexpress-49cd2
[debug] [2026-06-01T00:48:58.945Z] >>> [apiv2][body] POST https://cloudresourcemanager.googleapis.com/v1/projects/hurdexpress-49cd2:testIamPermissions {"permissions":["firebase.projects.get","firebasehosting.sites.update"]}
[debug] [2026-06-01T00:48:59.333Z] <<< [apiv2][status] POST https://cloudresourcemanager.googleapis.com/v1/projects/hurdexpress-49cd2:testIamPermissions 200
[debug] [2026-06-01T00:48:59.333Z] <<< [apiv2][body] POST https://cloudresourcemanager.googleapis.com/v1/projects/hurdexpress-49cd2:testIamPermissions {"permissions":["firebase.projects.get","firebasehosting.sites.update"]}
[debug] [2026-06-01T00:48:59.333Z] Checked if tokens are valid: true, expires at: 1780275987443
[debug] [2026-06-01T00:48:59.333Z] Checked if tokens are valid: true, expires at: 1780275987443
[debug] [2026-06-01T00:48:59.333Z] >>> [apiv2][query] GET https://firebase.googleapis.com/v1beta1/projects/hurdexpress-49cd2 [none]
[debug] [2026-06-01T00:48:59.808Z] <<< [apiv2][status] GET https://firebase.googleapis.com/v1beta1/projects/hurdexpress-49cd2 200
[debug] [2026-06-01T00:48:59.808Z] <<< [apiv2][body] GET https://firebase.googleapis.com/v1beta1/projects/hurdexpress-49cd2 {"projectId":"hurdexpress-49cd2","projectNumber":"409714075005","displayName":"hurdexpress","name":"projects/hurdexpress-49cd2","resources":{"hostingSite":"hurdexpress-49cd2"},"state":"ACTIVE","etag":"1_1f938702-60ce-493f-a184-700e6e52ef60"}
[debug] [2026-06-01T00:49:01.027Z] defaultcredentials: writing to file C:\Users\my tech\AppData\Roaming\firebase\cyberzit_gmail_com_application_default_credentials.json
[debug] [2026-06-01T00:49:01.028Z] Checked if tokens are valid: true, expires at: 1780275987443
[debug] [2026-06-01T00:49:01.028Z] Checked if tokens are valid: true, expires at: 1780275987443
[debug] [2026-06-01T00:49:01.028Z] >>> [apiv2][query] GET https://firebasehosting.googleapis.com/v1beta1/projects/hurdexpress-49cd2/sites pageToken=&pageSize=10
[debug] [2026-06-01T00:49:01.997Z] <<< [apiv2][status] GET https://firebasehosting.googleapis.com/v1beta1/projects/hurdexpress-49cd2/sites 200
[debug] [2026-06-01T00:49:01.997Z] <<< [apiv2][body] GET https://firebasehosting.googleapis.com/v1beta1/projects/hurdexpress-49cd2/sites {"sites":[{"name":"projects/hurdexpress-49cd2/sites/hurdexpress-49cd2","defaultUrl":"https://hurdexpress-49cd2.web.app","type":"DEFAULT_SITE"}]}
[debug] [2026-06-01T00:49:01.998Z] Checked if tokens are valid: true, expires at: 1780275987443
[debug] [2026-06-01T00:49:01.998Z] Checked if tokens are valid: true, expires at: 1780275987443
[debug] [2026-06-01T00:49:01.998Z] >>> [apiv2][query] GET https://firebasehosting.googleapis.com/v1beta1/projects/hurdexpress-49cd2/sites 
[debug] [2026-06-01T00:49:02.694Z] <<< [apiv2][status] GET https://firebasehosting.googleapis.com/v1beta1/projects/hurdexpress-49cd2/sites 200
[debug] [2026-06-01T00:49:02.694Z] <<< [apiv2][body] GET https://firebasehosting.googleapis.com/v1beta1/projects/hurdexpress-49cd2/sites {"sites":[{"name":"projects/hurdexpress-49cd2/sites/hurdexpress-49cd2","defaultUrl":"https://hurdexpress-49cd2.web.app","type":"DEFAULT_SITE"}]}
[debug] [2026-06-01T00:49:02.695Z] Checked if tokens are valid: true, expires at: 1780275987443
[debug] [2026-06-01T00:49:02.695Z] Checked if tokens are valid: true, expires at: 1780275987443
[debug] [2026-06-01T00:49:02.695Z] >>> [apiv2][query] GET https://firebase.googleapis.com/v1beta1/projects/hurdexpress-49cd2/webApps/-/config [none]
[debug] [2026-06-01T00:49:03.389Z] <<< [apiv2][status] GET https://firebase.googleapis.com/v1beta1/projects/hurdexpress-49cd2/webApps/-/config 200
[debug] [2026-06-01T00:49:03.389Z] <<< [apiv2][body] GET https://firebase.googleapis.com/v1beta1/projects/hurdexpress-49cd2/webApps/-/config {"projectId":"hurdexpress-49cd2","appId":"1:409714075005:web:13d29441b5c8210a495814","storageBucket":"hurdexpress-49cd2.firebasestorage.app","apiKey":"AIzaSyCohBrA4n2I_Y5E9eXhIhZJvws9iKY2Das","authDomain":"hurdexpress-49cd2.firebaseapp.com","messagingSenderId":"409714075005","projectNumber":"409714075005","version":"2"}
[info] 
   Thank you for trying our early preview of Next.js support on Firebase Hosting.
   During the preview, support is best-effort and breaking changes can be expected. Proceed with caution.
   The integration is known to work with Next.js version 12 - 15.0. You may encounter errors.

   Documentation: https://firebase.google.com/docs/hosting/frameworks/nextjs
   File a bug: https://github.com/firebase/firebase-tools/issues/new?template=bug_report.md
   Submit a feature request: https://github.com/firebase/firebase-tools/issues/new?template=feature_request.md

   We'd love to learn from you. Express your interest in helping us shape the future of Firebase Hosting: https://goo.gle/41enW5X

[debug] [2026-06-01T00:49:06.287Z] Checked if tokens are valid: true, expires at: 1780275987443
[debug] [2026-06-01T00:49:06.288Z] Checked if tokens are valid: true, expires at: 1780275987443
[debug] [2026-06-01T00:49:06.288Z] >>> [apiv2][query] GET https://firebasehosting.googleapis.com/v1beta1/projects/hurdexpress-49cd2/sites/hurdexpress-49cd2 [none]
[debug] [2026-06-01T00:49:06.989Z] <<< [apiv2][status] GET https://firebasehosting.googleapis.com/v1beta1/projects/hurdexpress-49cd2/sites/hurdexpress-49cd2 200
[debug] [2026-06-01T00:49:06.989Z] <<< [apiv2][body] GET https://firebasehosting.googleapis.com/v1beta1/projects/hurdexpress-49cd2/sites/hurdexpress-49cd2 {"name":"projects/hurdexpress-49cd2/sites/hurdexpress-49cd2","defaultUrl":"https://hurdexpress-49cd2.web.app","type":"DEFAULT_SITE"}
[info] ▲ Next.js 16.2.6 (Turbopack)

[info] - Environments: .env.local


[info]   Creating an optimized production build ...

[info] ✓ Compiled successfully in 2.9s

[info]   Running TypeScript ...

[info]   Finished TypeScript in 2.9s ...

[info]   Collecting page data using 15 workers ...

[info]   Generating static pages using 15 workers (0/27) ...

[info]   Generating static pages using 15 workers (6/27) 

[info]   Generating static pages using 15 workers (13/27) 

[info]   Generating static pages using 15 workers (20/27) 

[info] ✓ Generating static pages using 15 workers (27/27) in 319ms

[info]   Finalizing page optimization ...

[info] 

[info] Route (app)
┌ ○ /
├ ○ /_not-found
├ ○ /admin/companies
├ ○ /admin/dashboard
├ ○ /admin/drivers
├ ○ /admin/live-map
├ ○ /admin/orders
├ ƒ /admin/orders/[id]
├ ƒ /admin/orders/[id]/print
├ ○ /admin/orders/import
├ ○ /admin/orders/new
├ ○ /admin/products
├ ○ /admin/reports
├ ○ /admin/settings
├ ○ /admin/settlements
├ ○ /admin/sms-logs
├ ƒ /api/track-order
├ ○ /dashboard
├ ○ /driver/orders
├ ƒ /driver/orders/[id]
├ ○ /login
├ ○ /manifest.webmanifest
├ ○ /offline
├ ○ /partner/orders
├ ƒ /partner/orders/[id]
├ ƒ /partner/orders/[id]/print
├ ○ /partner/orders/import
├ ○ /partner/orders/new
├ ○ /partner/products
├ ○ /partner/settlements
├ ○ /track
└ ƒ /track/[orderCode]


[info] 
○  (Static)   prerendered as static content
ƒ  (Dynamic)  server-rendered on demand


[info] Building a Cloud Function to run this application. This is needed due to:
[info]  • non-static component /admin/orders/[id]/page
[info]  • non-static component /admin/orders/[id]/print/page
[info]  • non-static component /api/track-order/route
[info]  • non-static component /driver/orders/[id]/page
[info]  • non-static component /partner/orders/[id]/page
[debug] [2026-06-01T00:49:16.129Z]  • non-static component /partner/orders/[id]/print/page
[debug] [2026-06-01T00:49:16.129Z]  • non-static component /track/[orderCode]/page
[info]  • and 2 other reasons, use --debug to see more
[info] 
[debug] [2026-06-01T00:49:25.763Z] Checked if tokens are valid: true, expires at: 1780275987443
[debug] [2026-06-01T00:49:25.763Z] Checked if tokens are valid: true, expires at: 1780275987443
[debug] [2026-06-01T00:49:25.763Z] >>> [apiv2][query] GET https://firebasehosting.googleapis.com/v1beta1/projects/hurdexpress-49cd2/sites/hurdexpress-49cd2 [none]
[debug] [2026-06-01T00:49:26.574Z] <<< [apiv2][status] GET https://firebasehosting.googleapis.com/v1beta1/projects/hurdexpress-49cd2/sites/hurdexpress-49cd2 200
[debug] [2026-06-01T00:49:26.575Z] <<< [apiv2][body] GET https://firebasehosting.googleapis.com/v1beta1/projects/hurdexpress-49cd2/sites/hurdexpress-49cd2 {"name":"projects/hurdexpress-49cd2/sites/hurdexpress-49cd2","defaultUrl":"https://hurdexpress-49cd2.web.app","type":"DEFAULT_SITE"}
[debug] [2026-06-01T00:49:27.552Z] Error: EPERM: operation not permitted, symlink 'D:\Projects\hurdexpress\node_modules\firebase-admin' -> 'D:\Projects\hurdexpress\.firebase\hurdexpress-49cd2\functions\.next\node_modules\firebase-admin-a14c8a5423a75469'
